/Users/jacobbodera/Desktop/MTE325/Lab 1/STM32CubeExpansion_SPN2_V1.1.1/Projects/STM32F401RE-Nucleo/Examples/MotionControl/MicrosteppingMotor/Src/example.c:93:6:MicrosteppingMotor_Example_01	48	static
/Users/jacobbodera/Desktop/MTE325/Lab 1/STM32CubeExpansion_SPN2_V1.1.1/Projects/STM32F401RE-Nucleo/Examples/MotionControl/MicrosteppingMotor/Src/example.c:235:10:BSP_ST1S14_PGOOD	0	static
/Users/jacobbodera/Desktop/MTE325/Lab 1/STM32CubeExpansion_SPN2_V1.1.1/Projects/STM32F401RE-Nucleo/Examples/MotionControl/MicrosteppingMotor/Src/example.c:254:10:usrPow	4	static
/Users/jacobbodera/Desktop/MTE325/Lab 1/STM32CubeExpansion_SPN2_V1.1.1/Projects/STM32F401RE-Nucleo/Examples/MotionControl/MicrosteppingMotor/Src/example.c:270:6:HAL_GPIO_EXTI_Callback	8	static
