/Users/jacobbodera/Desktop/MTE325/Lab 1/STM32CubeExpansion_SPN2_V1.1.1/Projects/STM32F401RE-Nucleo/Examples/MotionControl/MicrosteppingMotor/Src/stm32f4xx_hal_msp.c:51:6:HAL_MspInit	8	static
/Users/jacobbodera/Desktop/MTE325/Lab 1/STM32CubeExpansion_SPN2_V1.1.1/Projects/STM32F401RE-Nucleo/Examples/MotionControl/MicrosteppingMotor/Src/stm32f4xx_hal_msp.c:60:6:HAL_ADC_MspInit	40	static
/Users/jacobbodera/Desktop/MTE325/Lab 1/STM32CubeExpansion_SPN2_V1.1.1/Projects/STM32F401RE-Nucleo/Examples/MotionControl/MicrosteppingMotor/Src/stm32f4xx_hal_msp.c:81:6:HAL_ADC_MspDeInit	8	static
/Users/jacobbodera/Desktop/MTE325/Lab 1/STM32CubeExpansion_SPN2_V1.1.1/Projects/STM32F401RE-Nucleo/Examples/MotionControl/MicrosteppingMotor/Src/stm32f4xx_hal_msp.c:95:6:HAL_SPI_MspInit	64	static
/Users/jacobbodera/Desktop/MTE325/Lab 1/STM32CubeExpansion_SPN2_V1.1.1/Projects/STM32F401RE-Nucleo/Examples/MotionControl/MicrosteppingMotor/Src/stm32f4xx_hal_msp.c:159:6:HAL_SPI_MspDeInit	8	static
/Users/jacobbodera/Desktop/MTE325/Lab 1/STM32CubeExpansion_SPN2_V1.1.1/Projects/STM32F401RE-Nucleo/Examples/MotionControl/MicrosteppingMotor/Src/stm32f4xx_hal_msp.c:193:6:HAL_UART_MspInit	40	static
/Users/jacobbodera/Desktop/MTE325/Lab 1/STM32CubeExpansion_SPN2_V1.1.1/Projects/STM32F401RE-Nucleo/Examples/MotionControl/MicrosteppingMotor/Src/stm32f4xx_hal_msp.c:221:6:HAL_UART_MspDeInit	8	static
